<html>
<body>
<pre>
<h1>礦ision Build Log</h1>
<h2>Tool Versions:</h2>
IDE-Version: μVision V5.27.1.0
Copyright (C) 2019 ARM Ltd and ARM Germany GmbH. All rights reserved.
License Information: 1 1, 1, LIC=BUURY-INBVX-EV41R-KD9EK-TE5BC-XSHJE
 
Tool Versions:
Toolchain:       MDK-ARM Plus  Version: 5.28.0.0
Toolchain Path:  D:\mdk5\ARM\ARMCC\Bin
C Compiler:      Armcc.exe V5.06 update 6 (build 750)
Assembler:       Armasm.exe V5.06 update 6 (build 750)
Linker/Locator:  ArmLink.exe V5.06 update 6 (build 750)
Library Manager: ArmAr.exe V5.06 update 6 (build 750)
Hex Converter:   FromElf.exe V5.06 update 6 (build 750)
CPU DLL:         SARMCM3.DLL V5.28.0.0
Dialog DLL:      DARMSTM.DLL V1.68.0.0
Target DLL:      Segger\JL2CM3.dll V2.99.36.0
Dialog DLL:      TARMSTM.DLL   V1.66.0.0
 
<h2>Project:</h2>
F:\WuLiaoBanYun——MoKuai\合并任务_完成 -提速版-最终版本\stm32\USER\Template.uvprojx
Project File Date:  07/15/2021

<h2>Output:</h2>
*** Using Compiler 'V5.06 update 6 (build 750)', folder: 'D:\mdk5\ARM\ARMCC\Bin'
Build target 'Template'
assembling startup_stm32f10x_hd.s...
compiling stm32f10x_it.c...
compiling main.c...
compiling stm32f10x_gpio.c...
compiling stm32f10x_exti.c...
compiling system_stm32f10x.c...
compiling misc.c...
compiling stm32f10x_i2c.c...
compiling core_cm3.c...
compiling stm32f10x_rcc.c...
compiling stm32f10x_usart.c...
compiling delay.c...
compiling stm32f10x_tim.c...
compiling pid.c...
compiling inv_mpu.c...
compiling control.c...
compiling mpu6050.c...
compiling sys.c...
compiling mpuiic.c...
compiling encounter.c...
compiling NVIC.c...
..\HARDWARE\NVIC\NVIC.c(393): warning:  #167-D: argument of type "unsigned char *" is incompatible with parameter of type "char *restrict"
  		sprintf(str_2, "%d", X_now_pos);
..\HARDWARE\NVIC\NVIC.c(394): warning:  #167-D: argument of type "unsigned char *" is incompatible with parameter of type "char *restrict"
  			sprintf(str_3, "%d", Kel);
..\HARDWARE\NVIC\NVIC.c(396): warning:  #167-D: argument of type "unsigned char *" is incompatible with parameter of type "char *restrict"
  		sprintf(str, "%d", Y_now_pos);
..\HARDWARE\NVIC\NVIC.c(327): warning:  #177-D: variable "str_1"  was declared but never referenced
  		unsigned char str[25], str_1[25] = {0}, str_2[25] = {0}, str_3[25] = {0};
..\HARDWARE\NVIC\NVIC.c: 4 warnings, 0 errors
compiling timercontrol.c...
compiling oled_font.c...
compiling uart.c...
compiling motor.c...
compiling usart_4.c...
compiling driver.c...
compiling inv_mpu_dmp_motion_driver.c...
compiling oled.c...
linking...
Program Size: Code=29984 RO-data=2656 RW-data=3428 ZI-data=3436  
FromELF: creating hex file...
"..\OBJ\Template.axf" - 0 Error(s), 4 Warning(s).

<h2>Software Packages used:</h2>

Package Vendor: Keil
                http://www.keil.com/pack/Keil.STM32F1xx_DFP.2.3.0.pack
                Keil.STM32F1xx_DFP.2.3.0
                STMicroelectronics STM32F1 Series Device Support, Drivers and Examples

<h2>Collection of Component include folders:</h2>
  .\RTE\_Template
  D:\mdk5\Keil\STM32F1xx_DFP\2.3.0\Device\Include

<h2>Collection of Component Files used:</h2>
Build Time Elapsed:  00:00:05
</pre>
</body>
</html>
